// Jest Snapshot v1, https://goo.gl/fbAQLP

exports[`App renders correctly 1`] = `
<div
  className="sc-dIsUp ixfuAO spinner-border"
  role="status"
>
  <span
    className="sr-only"
  >
    Загрузка...
  </span>
</div>
`;

exports[`Snapshot for App component 1`] = `
<div
  className="sc-dIsUp ixfuAO spinner-border"
  role="status"
>
  <span
    className="sr-only"
  >
    Загрузка...
  </span>
</div>
`;
