// Jest Snapshot v1, https://goo.gl/fbAQLP

exports[`Preloader renders correctly 1`] = `
<div
  className="sc-dIsUp ixfuAO spinner-border"
  role="status"
>
  <span
    className="sr-only"
  >
    Загрузка...
  </span>
</div>
`;

exports[`Snapshot for Preloader component 1`] = `
<div
  className="sc-dIsUp ixfuAO spinner-border"
  role="status"
>
  <span
    className="sr-only"
  >
    Загрузка...
  </span>
</div>
`;
