// Jest Snapshot v1, https://goo.gl/fbAQLP

exports[`ProductsList renders correctly 1`] = `
<div
  className="container"
>
  <div
    className="row row-cols-lg-3 row-cols-md-2 row-cols-1"
  />
</div>
`;
